[0.014s] Invoking command in '/home/letrocitous/7785-Code/src/build/aizen_object_follower': CMAKE_PREFIX_PATH=${CMAKE_PREFIX_PATH}:/home/letrocitous/ros2_ws/install/launch_testing_examples:/home/letrocitous/ros2_ws/install/examples_rclpy_pointcloud_publisher:/home/letrocitous/ros2_ws/install/examples_rclpy_minimal_subscriber:/home/letrocitous/ros2_ws/install/examples_rclpy_minimal_service:/home/letrocitous/ros2_ws/install/examples_rclpy_minimal_publisher:/home/letrocitous/ros2_ws/install/examples_rclpy_minimal_client:/home/letrocitous/ros2_ws/install/examples_rclpy_minimal_action_server:/home/letrocitous/ros2_ws/install/examples_rclpy_minimal_action_client:/home/letrocitous/ros2_ws/install/examples_rclpy_guard_conditions:/home/letrocitous/ros2_ws/install/examples_rclpy_executors:/home/letrocitous/turtlebot3_ws/install/turtlebot3_teleop:/home/letrocitous/turtlebot3_ws/install/turtlebot3_example:/opt/ros/humble /usr/bin/cmake /home/letrocitous/7785-Code/src/aizen_object_follower -DCMAKE_INSTALL_PREFIX=/home/letrocitous/7785-Code/src/install/aizen_object_follower
[0.083s] -- The C compiler identification is GNU 11.4.0
[0.150s] -- The CXX compiler identification is GNU 11.4.0
[0.158s] -- Detecting C compiler ABI info
[0.250s] -- Detecting C compiler ABI info - done
[0.256s] -- Check for working C compiler: /usr/bin/cc - skipped
[0.257s] -- Detecting C compile features
[0.257s] -- Detecting C compile features - done
[0.260s] -- Detecting CXX compiler ABI info
[0.377s] -- Detecting CXX compiler ABI info - done
[0.384s] -- Check for working CXX compiler: /usr/bin/c++ - skipped
[0.384s] -- Detecting CXX compile features
[0.385s] -- Detecting CXX compile features - done
[0.390s] -- Found ament_cmake: 1.3.14 (/opt/ros/humble/share/ament_cmake/cmake)
[0.561s] -- Found Python3: /usr/bin/python3 (found version "3.10.12") found components: Interpreter 
[0.682s] -- Found ament_lint_auto: 0.12.15 (/opt/ros/humble/share/ament_lint_auto/cmake)
[0.763s] -- Added test 'flake8' to check Python code syntax and style conventions
[0.764s] -- Added test 'lint_cmake' to check CMake code style
[0.765s] -- Added test 'pep257' to check Python code against some of the docstring style conventions in PEP 257
[0.767s] -- Added test 'xmllint' to check XML markup files
[0.769s] -- Configuring done
[0.772s] -- Generating done
[0.774s] -- Build files have been written to: /home/letrocitous/7785-Code/src/build/aizen_object_follower
[0.781s] Invoked command in '/home/letrocitous/7785-Code/src/build/aizen_object_follower' returned '0': CMAKE_PREFIX_PATH=${CMAKE_PREFIX_PATH}:/home/letrocitous/ros2_ws/install/launch_testing_examples:/home/letrocitous/ros2_ws/install/examples_rclpy_pointcloud_publisher:/home/letrocitous/ros2_ws/install/examples_rclpy_minimal_subscriber:/home/letrocitous/ros2_ws/install/examples_rclpy_minimal_service:/home/letrocitous/ros2_ws/install/examples_rclpy_minimal_publisher:/home/letrocitous/ros2_ws/install/examples_rclpy_minimal_client:/home/letrocitous/ros2_ws/install/examples_rclpy_minimal_action_server:/home/letrocitous/ros2_ws/install/examples_rclpy_minimal_action_client:/home/letrocitous/ros2_ws/install/examples_rclpy_guard_conditions:/home/letrocitous/ros2_ws/install/examples_rclpy_executors:/home/letrocitous/turtlebot3_ws/install/turtlebot3_teleop:/home/letrocitous/turtlebot3_ws/install/turtlebot3_example:/opt/ros/humble /usr/bin/cmake /home/letrocitous/7785-Code/src/aizen_object_follower -DCMAKE_INSTALL_PREFIX=/home/letrocitous/7785-Code/src/install/aizen_object_follower
[0.783s] Invoking command in '/home/letrocitous/7785-Code/src/build/aizen_object_follower': CMAKE_PREFIX_PATH=${CMAKE_PREFIX_PATH}:/home/letrocitous/ros2_ws/install/launch_testing_examples:/home/letrocitous/ros2_ws/install/examples_rclpy_pointcloud_publisher:/home/letrocitous/ros2_ws/install/examples_rclpy_minimal_subscriber:/home/letrocitous/ros2_ws/install/examples_rclpy_minimal_service:/home/letrocitous/ros2_ws/install/examples_rclpy_minimal_publisher:/home/letrocitous/ros2_ws/install/examples_rclpy_minimal_client:/home/letrocitous/ros2_ws/install/examples_rclpy_minimal_action_server:/home/letrocitous/ros2_ws/install/examples_rclpy_minimal_action_client:/home/letrocitous/ros2_ws/install/examples_rclpy_guard_conditions:/home/letrocitous/ros2_ws/install/examples_rclpy_executors:/home/letrocitous/turtlebot3_ws/install/turtlebot3_teleop:/home/letrocitous/turtlebot3_ws/install/turtlebot3_example:/opt/ros/humble /usr/bin/cmake --build /home/letrocitous/7785-Code/src/build/aizen_object_follower -- -j12 -l12
[0.828s] Invoked command in '/home/letrocitous/7785-Code/src/build/aizen_object_follower' returned '0': CMAKE_PREFIX_PATH=${CMAKE_PREFIX_PATH}:/home/letrocitous/ros2_ws/install/launch_testing_examples:/home/letrocitous/ros2_ws/install/examples_rclpy_pointcloud_publisher:/home/letrocitous/ros2_ws/install/examples_rclpy_minimal_subscriber:/home/letrocitous/ros2_ws/install/examples_rclpy_minimal_service:/home/letrocitous/ros2_ws/install/examples_rclpy_minimal_publisher:/home/letrocitous/ros2_ws/install/examples_rclpy_minimal_client:/home/letrocitous/ros2_ws/install/examples_rclpy_minimal_action_server:/home/letrocitous/ros2_ws/install/examples_rclpy_minimal_action_client:/home/letrocitous/ros2_ws/install/examples_rclpy_guard_conditions:/home/letrocitous/ros2_ws/install/examples_rclpy_executors:/home/letrocitous/turtlebot3_ws/install/turtlebot3_teleop:/home/letrocitous/turtlebot3_ws/install/turtlebot3_example:/opt/ros/humble /usr/bin/cmake --build /home/letrocitous/7785-Code/src/build/aizen_object_follower -- -j12 -l12
[0.839s] Invoking command in '/home/letrocitous/7785-Code/src/build/aizen_object_follower': CMAKE_PREFIX_PATH=${CMAKE_PREFIX_PATH}:/home/letrocitous/ros2_ws/install/launch_testing_examples:/home/letrocitous/ros2_ws/install/examples_rclpy_pointcloud_publisher:/home/letrocitous/ros2_ws/install/examples_rclpy_minimal_subscriber:/home/letrocitous/ros2_ws/install/examples_rclpy_minimal_service:/home/letrocitous/ros2_ws/install/examples_rclpy_minimal_publisher:/home/letrocitous/ros2_ws/install/examples_rclpy_minimal_client:/home/letrocitous/ros2_ws/install/examples_rclpy_minimal_action_server:/home/letrocitous/ros2_ws/install/examples_rclpy_minimal_action_client:/home/letrocitous/ros2_ws/install/examples_rclpy_guard_conditions:/home/letrocitous/ros2_ws/install/examples_rclpy_executors:/home/letrocitous/turtlebot3_ws/install/turtlebot3_teleop:/home/letrocitous/turtlebot3_ws/install/turtlebot3_example:/opt/ros/humble /usr/bin/cmake --install /home/letrocitous/7785-Code/src/build/aizen_object_follower
[0.848s] -- Install configuration: ""
[0.848s] -- Installing: /home/letrocitous/7785-Code/src/install/aizen_object_follower/share/ament_index/resource_index/package_run_dependencies/aizen_object_follower
[0.848s] -- Installing: /home/letrocitous/7785-Code/src/install/aizen_object_follower/share/ament_index/resource_index/parent_prefix_path/aizen_object_follower
[0.848s] -- Installing: /home/letrocitous/7785-Code/src/install/aizen_object_follower/share/aizen_object_follower/environment/ament_prefix_path.sh
[0.848s] -- Installing: /home/letrocitous/7785-Code/src/install/aizen_object_follower/share/aizen_object_follower/environment/ament_prefix_path.dsv
[0.848s] -- Installing: /home/letrocitous/7785-Code/src/install/aizen_object_follower/share/aizen_object_follower/environment/path.sh
[0.848s] -- Installing: /home/letrocitous/7785-Code/src/install/aizen_object_follower/share/aizen_object_follower/environment/path.dsv
[0.849s] -- Installing: /home/letrocitous/7785-Code/src/install/aizen_object_follower/share/aizen_object_follower/local_setup.bash
[0.849s] -- Installing: /home/letrocitous/7785-Code/src/install/aizen_object_follower/share/aizen_object_follower/local_setup.sh
[0.849s] -- Installing: /home/letrocitous/7785-Code/src/install/aizen_object_follower/share/aizen_object_follower/local_setup.zsh
[0.849s] -- Installing: /home/letrocitous/7785-Code/src/install/aizen_object_follower/share/aizen_object_follower/local_setup.dsv
[0.849s] -- Installing: /home/letrocitous/7785-Code/src/install/aizen_object_follower/share/aizen_object_follower/package.dsv
[0.849s] -- Installing: /home/letrocitous/7785-Code/src/install/aizen_object_follower/share/ament_index/resource_index/packages/aizen_object_follower
[0.849s] -- Installing: /home/letrocitous/7785-Code/src/install/aizen_object_follower/share/aizen_object_follower/cmake/aizen_object_followerConfig.cmake
[0.850s] -- Installing: /home/letrocitous/7785-Code/src/install/aizen_object_follower/share/aizen_object_follower/cmake/aizen_object_followerConfig-version.cmake
[0.850s] -- Installing: /home/letrocitous/7785-Code/src/install/aizen_object_follower/share/aizen_object_follower/package.xml
[0.852s] Invoked command in '/home/letrocitous/7785-Code/src/build/aizen_object_follower' returned '0': CMAKE_PREFIX_PATH=${CMAKE_PREFIX_PATH}:/home/letrocitous/ros2_ws/install/launch_testing_examples:/home/letrocitous/ros2_ws/install/examples_rclpy_pointcloud_publisher:/home/letrocitous/ros2_ws/install/examples_rclpy_minimal_subscriber:/home/letrocitous/ros2_ws/install/examples_rclpy_minimal_service:/home/letrocitous/ros2_ws/install/examples_rclpy_minimal_publisher:/home/letrocitous/ros2_ws/install/examples_rclpy_minimal_client:/home/letrocitous/ros2_ws/install/examples_rclpy_minimal_action_server:/home/letrocitous/ros2_ws/install/examples_rclpy_minimal_action_client:/home/letrocitous/ros2_ws/install/examples_rclpy_guard_conditions:/home/letrocitous/ros2_ws/install/examples_rclpy_executors:/home/letrocitous/turtlebot3_ws/install/turtlebot3_teleop:/home/letrocitous/turtlebot3_ws/install/turtlebot3_example:/opt/ros/humble /usr/bin/cmake --install /home/letrocitous/7785-Code/src/build/aizen_object_follower
