[0.012s] Invoking command in '/home/letrocitous/7785-Code/build/aizen_object_follower': CMAKE_PREFIX_PATH=${CMAKE_PREFIX_PATH}:/home/letrocitous/ros2_ws/install/launch_testing_examples:/home/letrocitous/ros2_ws/install/examples_rclpy_pointcloud_publisher:/home/letrocitous/ros2_ws/install/examples_rclpy_minimal_subscriber:/home/letrocitous/ros2_ws/install/examples_rclpy_minimal_service:/home/letrocitous/ros2_ws/install/examples_rclpy_minimal_publisher:/home/letrocitous/ros2_ws/install/examples_rclpy_minimal_client:/home/letrocitous/ros2_ws/install/examples_rclpy_minimal_action_server:/home/letrocitous/ros2_ws/install/examples_rclpy_minimal_action_client:/home/letrocitous/ros2_ws/install/examples_rclpy_guard_conditions:/home/letrocitous/ros2_ws/install/examples_rclpy_executors:/home/letrocitous/turtlebot3_ws/install/turtlebot3_teleop:/home/letrocitous/turtlebot3_ws/install/turtlebot3_example:/opt/ros/humble /usr/bin/cmake /home/letrocitous/7785-Code/src/aizen_object_follower -DCMAKE_INSTALL_PREFIX=/home/letrocitous/7785-Code/install/aizen_object_follower
[0.077s] -- The C compiler identification is GNU 11.4.0
[0.134s] -- The CXX compiler identification is GNU 11.4.0
[0.142s] -- Detecting C compiler ABI info
[0.216s] -- Detecting C compiler ABI info - done
[0.221s] -- Check for working C compiler: /usr/bin/cc - skipped
[0.221s] -- Detecting C compile features
[0.222s] -- Detecting C compile features - done
[0.224s] -- Detecting CXX compiler ABI info
[0.306s] -- Detecting CXX compiler ABI info - done
[0.311s] -- Check for working CXX compiler: /usr/bin/c++ - skipped
[0.311s] -- Detecting CXX compile features
[0.312s] -- Detecting CXX compile features - done
[0.316s] -- Found ament_cmake: 1.3.14 (/opt/ros/humble/share/ament_cmake/cmake)
[0.444s] -- Found Python3: /usr/bin/python3 (found version "3.10.12") found components: Interpreter 
[0.532s] -- Found ament_lint_auto: 0.12.15 (/opt/ros/humble/share/ament_lint_auto/cmake)
[0.596s] -- Added test 'flake8' to check Python code syntax and style conventions
[0.597s] -- Added test 'lint_cmake' to check CMake code style
[0.597s] -- Added test 'pep257' to check Python code against some of the docstring style conventions in PEP 257
[0.599s] -- Added test 'xmllint' to check XML markup files
[0.600s] -- Configuring done
[0.602s] -- Generating done
[0.603s] -- Build files have been written to: /home/letrocitous/7785-Code/build/aizen_object_follower
[0.607s] Invoked command in '/home/letrocitous/7785-Code/build/aizen_object_follower' returned '0': CMAKE_PREFIX_PATH=${CMAKE_PREFIX_PATH}:/home/letrocitous/ros2_ws/install/launch_testing_examples:/home/letrocitous/ros2_ws/install/examples_rclpy_pointcloud_publisher:/home/letrocitous/ros2_ws/install/examples_rclpy_minimal_subscriber:/home/letrocitous/ros2_ws/install/examples_rclpy_minimal_service:/home/letrocitous/ros2_ws/install/examples_rclpy_minimal_publisher:/home/letrocitous/ros2_ws/install/examples_rclpy_minimal_client:/home/letrocitous/ros2_ws/install/examples_rclpy_minimal_action_server:/home/letrocitous/ros2_ws/install/examples_rclpy_minimal_action_client:/home/letrocitous/ros2_ws/install/examples_rclpy_guard_conditions:/home/letrocitous/ros2_ws/install/examples_rclpy_executors:/home/letrocitous/turtlebot3_ws/install/turtlebot3_teleop:/home/letrocitous/turtlebot3_ws/install/turtlebot3_example:/opt/ros/humble /usr/bin/cmake /home/letrocitous/7785-Code/src/aizen_object_follower -DCMAKE_INSTALL_PREFIX=/home/letrocitous/7785-Code/install/aizen_object_follower
[0.609s] Invoking command in '/home/letrocitous/7785-Code/build/aizen_object_follower': CMAKE_PREFIX_PATH=${CMAKE_PREFIX_PATH}:/home/letrocitous/ros2_ws/install/launch_testing_examples:/home/letrocitous/ros2_ws/install/examples_rclpy_pointcloud_publisher:/home/letrocitous/ros2_ws/install/examples_rclpy_minimal_subscriber:/home/letrocitous/ros2_ws/install/examples_rclpy_minimal_service:/home/letrocitous/ros2_ws/install/examples_rclpy_minimal_publisher:/home/letrocitous/ros2_ws/install/examples_rclpy_minimal_client:/home/letrocitous/ros2_ws/install/examples_rclpy_minimal_action_server:/home/letrocitous/ros2_ws/install/examples_rclpy_minimal_action_client:/home/letrocitous/ros2_ws/install/examples_rclpy_guard_conditions:/home/letrocitous/ros2_ws/install/examples_rclpy_executors:/home/letrocitous/turtlebot3_ws/install/turtlebot3_teleop:/home/letrocitous/turtlebot3_ws/install/turtlebot3_example:/opt/ros/humble /usr/bin/cmake --build /home/letrocitous/7785-Code/build/aizen_object_follower -- -j12 -l12
[0.645s] Invoked command in '/home/letrocitous/7785-Code/build/aizen_object_follower' returned '0': CMAKE_PREFIX_PATH=${CMAKE_PREFIX_PATH}:/home/letrocitous/ros2_ws/install/launch_testing_examples:/home/letrocitous/ros2_ws/install/examples_rclpy_pointcloud_publisher:/home/letrocitous/ros2_ws/install/examples_rclpy_minimal_subscriber:/home/letrocitous/ros2_ws/install/examples_rclpy_minimal_service:/home/letrocitous/ros2_ws/install/examples_rclpy_minimal_publisher:/home/letrocitous/ros2_ws/install/examples_rclpy_minimal_client:/home/letrocitous/ros2_ws/install/examples_rclpy_minimal_action_server:/home/letrocitous/ros2_ws/install/examples_rclpy_minimal_action_client:/home/letrocitous/ros2_ws/install/examples_rclpy_guard_conditions:/home/letrocitous/ros2_ws/install/examples_rclpy_executors:/home/letrocitous/turtlebot3_ws/install/turtlebot3_teleop:/home/letrocitous/turtlebot3_ws/install/turtlebot3_example:/opt/ros/humble /usr/bin/cmake --build /home/letrocitous/7785-Code/build/aizen_object_follower -- -j12 -l12
[0.654s] Invoking command in '/home/letrocitous/7785-Code/build/aizen_object_follower': CMAKE_PREFIX_PATH=${CMAKE_PREFIX_PATH}:/home/letrocitous/ros2_ws/install/launch_testing_examples:/home/letrocitous/ros2_ws/install/examples_rclpy_pointcloud_publisher:/home/letrocitous/ros2_ws/install/examples_rclpy_minimal_subscriber:/home/letrocitous/ros2_ws/install/examples_rclpy_minimal_service:/home/letrocitous/ros2_ws/install/examples_rclpy_minimal_publisher:/home/letrocitous/ros2_ws/install/examples_rclpy_minimal_client:/home/letrocitous/ros2_ws/install/examples_rclpy_minimal_action_server:/home/letrocitous/ros2_ws/install/examples_rclpy_minimal_action_client:/home/letrocitous/ros2_ws/install/examples_rclpy_guard_conditions:/home/letrocitous/ros2_ws/install/examples_rclpy_executors:/home/letrocitous/turtlebot3_ws/install/turtlebot3_teleop:/home/letrocitous/turtlebot3_ws/install/turtlebot3_example:/opt/ros/humble /usr/bin/cmake --install /home/letrocitous/7785-Code/build/aizen_object_follower
[0.661s] -- Install configuration: ""
[0.662s] -- Installing: /home/letrocitous/7785-Code/install/aizen_object_follower/share/ament_index/resource_index/package_run_dependencies/aizen_object_follower
[0.662s] -- Installing: /home/letrocitous/7785-Code/install/aizen_object_follower/share/ament_index/resource_index/parent_prefix_path/aizen_object_follower
[0.662s] -- Installing: /home/letrocitous/7785-Code/install/aizen_object_follower/share/aizen_object_follower/environment/ament_prefix_path.sh
[0.662s] -- Installing: /home/letrocitous/7785-Code/install/aizen_object_follower/share/aizen_object_follower/environment/ament_prefix_path.dsv
[0.662s] -- Installing: /home/letrocitous/7785-Code/install/aizen_object_follower/share/aizen_object_follower/environment/path.sh
[0.662s] -- Installing: /home/letrocitous/7785-Code/install/aizen_object_follower/share/aizen_object_follower/environment/path.dsv
[0.662s] -- Installing: /home/letrocitous/7785-Code/install/aizen_object_follower/share/aizen_object_follower/local_setup.bash
[0.662s] -- Installing: /home/letrocitous/7785-Code/install/aizen_object_follower/share/aizen_object_follower/local_setup.sh
[0.662s] -- Installing: /home/letrocitous/7785-Code/install/aizen_object_follower/share/aizen_object_follower/local_setup.zsh
[0.663s] -- Installing: /home/letrocitous/7785-Code/install/aizen_object_follower/share/aizen_object_follower/local_setup.dsv
[0.663s] -- Installing: /home/letrocitous/7785-Code/install/aizen_object_follower/share/aizen_object_follower/package.dsv
[0.663s] -- Installing: /home/letrocitous/7785-Code/install/aizen_object_follower/share/ament_index/resource_index/packages/aizen_object_follower
[0.663s] -- Installing: /home/letrocitous/7785-Code/install/aizen_object_follower/share/aizen_object_follower/cmake/aizen_object_followerConfig.cmake
[0.663s] -- Installing: /home/letrocitous/7785-Code/install/aizen_object_follower/share/aizen_object_follower/cmake/aizen_object_followerConfig-version.cmake
[0.663s] -- Installing: /home/letrocitous/7785-Code/install/aizen_object_follower/share/aizen_object_follower/package.xml
[0.665s] Invoked command in '/home/letrocitous/7785-Code/build/aizen_object_follower' returned '0': CMAKE_PREFIX_PATH=${CMAKE_PREFIX_PATH}:/home/letrocitous/ros2_ws/install/launch_testing_examples:/home/letrocitous/ros2_ws/install/examples_rclpy_pointcloud_publisher:/home/letrocitous/ros2_ws/install/examples_rclpy_minimal_subscriber:/home/letrocitous/ros2_ws/install/examples_rclpy_minimal_service:/home/letrocitous/ros2_ws/install/examples_rclpy_minimal_publisher:/home/letrocitous/ros2_ws/install/examples_rclpy_minimal_client:/home/letrocitous/ros2_ws/install/examples_rclpy_minimal_action_server:/home/letrocitous/ros2_ws/install/examples_rclpy_minimal_action_client:/home/letrocitous/ros2_ws/install/examples_rclpy_guard_conditions:/home/letrocitous/ros2_ws/install/examples_rclpy_executors:/home/letrocitous/turtlebot3_ws/install/turtlebot3_teleop:/home/letrocitous/turtlebot3_ws/install/turtlebot3_example:/opt/ros/humble /usr/bin/cmake --install /home/letrocitous/7785-Code/build/aizen_object_follower
