[0.141s] DEBUG:colcon:Command line arguments: ['/usr/bin/colcon', 'build']
[0.141s] DEBUG:colcon:Parsed command line arguments: Namespace(log_base=None, log_level=None, verb_name='build', build_base='build', install_base='install', merge_install=False, symlink_install=False, test_result_base=None, continue_on_error=False, executor='parallel', parallel_workers=12, event_handlers=None, ignore_user_meta=False, metas=['./colcon.meta'], base_paths=['.'], packages_ignore=None, packages_ignore_regex=None, paths=None, packages_up_to=None, packages_up_to_regex=None, packages_above=None, packages_above_and_dependencies=None, packages_above_depth=None, packages_select_by_dep=None, packages_skip_by_dep=None, packages_skip_up_to=None, packages_select_build_failed=False, packages_skip_build_finished=False, packages_select_test_failures=False, packages_skip_test_passed=False, packages_select=None, packages_skip=None, packages_select_regex=None, packages_skip_regex=None, packages_start=None, packages_end=None, allow_overriding=[], cmake_args=None, cmake_target=None, cmake_target_skip_unavailable=False, cmake_clean_cache=False, cmake_clean_first=False, cmake_force_configure=False, ament_cmake_args=None, catkin_cmake_args=None, catkin_skip_building_tests=False, mixin_files=None, mixin=None, verb_parser=<colcon_mixin.mixin.mixin_argument.MixinArgumentDecorator object at 0x7dcf1b071840>, verb_extension=<colcon_core.verb.build.BuildVerb object at 0x7dcf1b18aad0>, main=<bound method BuildVerb.main of <colcon_core.verb.build.BuildVerb object at 0x7dcf1b18aad0>>, mixin_verb=('build',))
[0.315s] Level 1:colcon.colcon_core.package_discovery:discover_packages(colcon_meta) check parameters
[0.315s] Level 1:colcon.colcon_core.package_discovery:discover_packages(recursive) check parameters
[0.315s] Level 1:colcon.colcon_core.package_discovery:discover_packages(ignore) check parameters
[0.315s] Level 1:colcon.colcon_core.package_discovery:discover_packages(path) check parameters
[0.315s] Level 1:colcon.colcon_core.package_discovery:discover_packages(colcon_meta) discover
[0.315s] Level 1:colcon.colcon_core.package_discovery:discover_packages(recursive) discover
[0.315s] INFO:colcon.colcon_core.package_discovery:Crawling recursively for packages in '/home/letrocitous/7785-Code'
[0.316s] Level 1:colcon.colcon_core.package_identification:_identify(.) by extensions ['ignore', 'ignore_ament_install']
[0.316s] Level 1:colcon.colcon_core.package_identification:_identify(.) by extension 'ignore'
[0.316s] Level 1:colcon.colcon_core.package_identification:_identify(.) by extension 'ignore_ament_install'
[0.316s] Level 1:colcon.colcon_core.package_identification:_identify(.) by extensions ['colcon_pkg']
[0.316s] Level 1:colcon.colcon_core.package_identification:_identify(.) by extension 'colcon_pkg'
[0.316s] Level 1:colcon.colcon_core.package_identification:_identify(.) by extensions ['colcon_meta']
[0.316s] Level 1:colcon.colcon_core.package_identification:_identify(.) by extension 'colcon_meta'
[0.316s] Level 1:colcon.colcon_core.package_identification:_identify(.) by extensions ['ros']
[0.316s] Level 1:colcon.colcon_core.package_identification:_identify(.) by extension 'ros'
[0.326s] Level 1:colcon.colcon_core.package_identification:_identify(.) by extensions ['cmake', 'python']
[0.326s] Level 1:colcon.colcon_core.package_identification:_identify(.) by extension 'cmake'
[0.326s] Level 1:colcon.colcon_core.package_identification:_identify(.) by extension 'python'
[0.326s] Level 1:colcon.colcon_core.package_identification:_identify(.) by extensions ['python_setup_py']
[0.326s] Level 1:colcon.colcon_core.package_identification:_identify(.) by extension 'python_setup_py'
[0.326s] Level 1:colcon.colcon_core.package_identification:_identify(build) by extensions ['ignore', 'ignore_ament_install']
[0.326s] Level 1:colcon.colcon_core.package_identification:_identify(build) by extension 'ignore'
[0.326s] Level 1:colcon.colcon_core.package_identification:_identify(build) ignored
[0.326s] Level 1:colcon.colcon_core.package_identification:_identify(install) by extensions ['ignore', 'ignore_ament_install']
[0.326s] Level 1:colcon.colcon_core.package_identification:_identify(install) by extension 'ignore'
[0.327s] Level 1:colcon.colcon_core.package_identification:_identify(install) ignored
[0.327s] Level 1:colcon.colcon_core.package_identification:_identify(log) by extensions ['ignore', 'ignore_ament_install']
[0.327s] Level 1:colcon.colcon_core.package_identification:_identify(log) by extension 'ignore'
[0.327s] Level 1:colcon.colcon_core.package_identification:_identify(log) ignored
[0.327s] Level 1:colcon.colcon_core.package_identification:_identify(src) by extensions ['ignore', 'ignore_ament_install']
[0.327s] Level 1:colcon.colcon_core.package_identification:_identify(src) by extension 'ignore'
[0.327s] Level 1:colcon.colcon_core.package_identification:_identify(src) by extension 'ignore_ament_install'
[0.327s] Level 1:colcon.colcon_core.package_identification:_identify(src) by extensions ['colcon_pkg']
[0.327s] Level 1:colcon.colcon_core.package_identification:_identify(src) by extension 'colcon_pkg'
[0.327s] Level 1:colcon.colcon_core.package_identification:_identify(src) by extensions ['colcon_meta']
[0.327s] Level 1:colcon.colcon_core.package_identification:_identify(src) by extension 'colcon_meta'
[0.327s] Level 1:colcon.colcon_core.package_identification:_identify(src) by extensions ['ros']
[0.327s] Level 1:colcon.colcon_core.package_identification:_identify(src) by extension 'ros'
[0.327s] Level 1:colcon.colcon_core.package_identification:_identify(src) by extensions ['cmake', 'python']
[0.327s] Level 1:colcon.colcon_core.package_identification:_identify(src) by extension 'cmake'
[0.327s] Level 1:colcon.colcon_core.package_identification:_identify(src) by extension 'python'
[0.327s] Level 1:colcon.colcon_core.package_identification:_identify(src) by extensions ['python_setup_py']
[0.327s] Level 1:colcon.colcon_core.package_identification:_identify(src) by extension 'python_setup_py'
[0.327s] Level 1:colcon.colcon_core.package_identification:_identify(src/aizen_object_follower) by extensions ['ignore', 'ignore_ament_install']
[0.327s] Level 1:colcon.colcon_core.package_identification:_identify(src/aizen_object_follower) by extension 'ignore'
[0.327s] Level 1:colcon.colcon_core.package_identification:_identify(src/aizen_object_follower) by extension 'ignore_ament_install'
[0.327s] Level 1:colcon.colcon_core.package_identification:_identify(src/aizen_object_follower) by extensions ['colcon_pkg']
[0.327s] Level 1:colcon.colcon_core.package_identification:_identify(src/aizen_object_follower) by extension 'colcon_pkg'
[0.328s] Level 1:colcon.colcon_core.package_identification:_identify(src/aizen_object_follower) by extensions ['colcon_meta']
[0.328s] Level 1:colcon.colcon_core.package_identification:_identify(src/aizen_object_follower) by extension 'colcon_meta'
[0.328s] Level 1:colcon.colcon_core.package_identification:_identify(src/aizen_object_follower) by extensions ['ros']
[0.328s] Level 1:colcon.colcon_core.package_identification:_identify(src/aizen_object_follower) by extension 'ros'
[0.330s] DEBUG:colcon.colcon_core.package_identification:Package 'src/aizen_object_follower' with type 'ros.ament_cmake' and name 'aizen_object_follower'
[0.330s] Level 1:colcon.colcon_core.package_identification:_identify(src/build) by extensions ['ignore', 'ignore_ament_install']
[0.330s] Level 1:colcon.colcon_core.package_identification:_identify(src/build) by extension 'ignore'
[0.330s] Level 1:colcon.colcon_core.package_identification:_identify(src/build) ignored
[0.330s] Level 1:colcon.colcon_core.package_identification:_identify(src/install) by extensions ['ignore', 'ignore_ament_install']
[0.330s] Level 1:colcon.colcon_core.package_identification:_identify(src/install) by extension 'ignore'
[0.330s] Level 1:colcon.colcon_core.package_identification:_identify(src/install) ignored
[0.330s] Level 1:colcon.colcon_core.package_identification:_identify(src/log) by extensions ['ignore', 'ignore_ament_install']
[0.330s] Level 1:colcon.colcon_core.package_identification:_identify(src/log) by extension 'ignore'
[0.330s] Level 1:colcon.colcon_core.package_identification:_identify(src/log) ignored
[0.330s] Level 1:colcon.colcon_core.package_discovery:discover_packages(recursive) using defaults
[0.330s] Level 1:colcon.colcon_core.package_discovery:discover_packages(ignore) discover
[0.330s] Level 1:colcon.colcon_core.package_discovery:discover_packages(ignore) using defaults
[0.330s] Level 1:colcon.colcon_core.package_discovery:discover_packages(path) discover
[0.330s] Level 1:colcon.colcon_core.package_discovery:discover_packages(path) using defaults
[0.357s] Level 1:colcon.colcon_core.package_discovery:discover_packages(prefix_path) check parameters
[0.357s] Level 1:colcon.colcon_core.package_discovery:discover_packages(prefix_path) discover
[0.358s] WARNING:colcon.colcon_core.prefix_path.colcon:The path '/home/letrocitous/ros2_ws/install' in the environment variable COLCON_PREFIX_PATH doesn't exist
[0.358s] WARNING:colcon.colcon_ros.prefix_path.ament:The path '/home/letrocitous/ros2_ws/install/launch_testing_examples' in the environment variable AMENT_PREFIX_PATH doesn't exist
[0.358s] WARNING:colcon.colcon_ros.prefix_path.ament:The path '/home/letrocitous/ros2_ws/install/examples_rclpy_pointcloud_publisher' in the environment variable AMENT_PREFIX_PATH doesn't exist
[0.358s] WARNING:colcon.colcon_ros.prefix_path.ament:The path '/home/letrocitous/ros2_ws/install/examples_rclpy_minimal_subscriber' in the environment variable AMENT_PREFIX_PATH doesn't exist
[0.358s] WARNING:colcon.colcon_ros.prefix_path.ament:The path '/home/letrocitous/ros2_ws/install/examples_rclpy_minimal_service' in the environment variable AMENT_PREFIX_PATH doesn't exist
[0.358s] WARNING:colcon.colcon_ros.prefix_path.ament:The path '/home/letrocitous/ros2_ws/install/examples_rclpy_minimal_publisher' in the environment variable AMENT_PREFIX_PATH doesn't exist
[0.358s] WARNING:colcon.colcon_ros.prefix_path.ament:The path '/home/letrocitous/ros2_ws/install/examples_rclpy_minimal_client' in the environment variable AMENT_PREFIX_PATH doesn't exist
[0.358s] WARNING:colcon.colcon_ros.prefix_path.ament:The path '/home/letrocitous/ros2_ws/install/examples_rclpy_minimal_action_server' in the environment variable AMENT_PREFIX_PATH doesn't exist
[0.358s] WARNING:colcon.colcon_ros.prefix_path.ament:The path '/home/letrocitous/ros2_ws/install/examples_rclpy_minimal_action_client' in the environment variable AMENT_PREFIX_PATH doesn't exist
[0.358s] WARNING:colcon.colcon_ros.prefix_path.ament:The path '/home/letrocitous/ros2_ws/install/examples_rclpy_guard_conditions' in the environment variable AMENT_PREFIX_PATH doesn't exist
[0.358s] WARNING:colcon.colcon_ros.prefix_path.ament:The path '/home/letrocitous/ros2_ws/install/examples_rclpy_executors' in the environment variable AMENT_PREFIX_PATH doesn't exist
[0.359s] WARNING:colcon.colcon_ros.prefix_path.ament:The path '/home/letrocitous/ros2_ws/install/examples_rclcpp_wait_set' in the environment variable AMENT_PREFIX_PATH doesn't exist
[0.359s] WARNING:colcon.colcon_ros.prefix_path.ament:The path '/home/letrocitous/ros2_ws/install/examples_rclcpp_multithreaded_executor' in the environment variable AMENT_PREFIX_PATH doesn't exist
[0.359s] WARNING:colcon.colcon_ros.prefix_path.ament:The path '/home/letrocitous/ros2_ws/install/examples_rclcpp_minimal_timer' in the environment variable AMENT_PREFIX_PATH doesn't exist
[0.359s] WARNING:colcon.colcon_ros.prefix_path.ament:The path '/home/letrocitous/ros2_ws/install/examples_rclcpp_minimal_subscriber' in the environment variable AMENT_PREFIX_PATH doesn't exist
[0.359s] WARNING:colcon.colcon_ros.prefix_path.ament:The path '/home/letrocitous/ros2_ws/install/examples_rclcpp_minimal_service' in the environment variable AMENT_PREFIX_PATH doesn't exist
[0.359s] WARNING:colcon.colcon_ros.prefix_path.ament:The path '/home/letrocitous/ros2_ws/install/examples_rclcpp_minimal_publisher' in the environment variable AMENT_PREFIX_PATH doesn't exist
[0.359s] WARNING:colcon.colcon_ros.prefix_path.ament:The path '/home/letrocitous/ros2_ws/install/examples_rclcpp_minimal_composition' in the environment variable AMENT_PREFIX_PATH doesn't exist
[0.359s] WARNING:colcon.colcon_ros.prefix_path.ament:The path '/home/letrocitous/ros2_ws/install/examples_rclcpp_minimal_client' in the environment variable AMENT_PREFIX_PATH doesn't exist
[0.359s] WARNING:colcon.colcon_ros.prefix_path.ament:The path '/home/letrocitous/ros2_ws/install/examples_rclcpp_minimal_action_server' in the environment variable AMENT_PREFIX_PATH doesn't exist
[0.359s] WARNING:colcon.colcon_ros.prefix_path.ament:The path '/home/letrocitous/ros2_ws/install/examples_rclcpp_minimal_action_client' in the environment variable AMENT_PREFIX_PATH doesn't exist
[0.359s] WARNING:colcon.colcon_ros.prefix_path.ament:The path '/home/letrocitous/ros2_ws/install/examples_rclcpp_cbg_executor' in the environment variable AMENT_PREFIX_PATH doesn't exist
[0.359s] WARNING:colcon.colcon_ros.prefix_path.ament:The path '/home/letrocitous/ros2_ws/install/examples_rclcpp_async_client' in the environment variable AMENT_PREFIX_PATH doesn't exist
[0.359s] WARNING:colcon.colcon_ros.prefix_path.ament:The path '/home/letrocitous/ros2_ws/install/Aizen_object_follower' in the environment variable AMENT_PREFIX_PATH doesn't exist
[0.360s] WARNING:colcon.colcon_ros.prefix_path.catkin:The path '/home/letrocitous/ros2_ws/install/examples_rclcpp_wait_set' in the environment variable CMAKE_PREFIX_PATH doesn't exist
[0.360s] WARNING:colcon.colcon_ros.prefix_path.catkin:The path '/home/letrocitous/ros2_ws/install/examples_rclcpp_multithreaded_executor' in the environment variable CMAKE_PREFIX_PATH doesn't exist
[0.360s] WARNING:colcon.colcon_ros.prefix_path.catkin:The path '/home/letrocitous/ros2_ws/install/examples_rclcpp_minimal_timer' in the environment variable CMAKE_PREFIX_PATH doesn't exist
[0.360s] WARNING:colcon.colcon_ros.prefix_path.catkin:The path '/home/letrocitous/ros2_ws/install/examples_rclcpp_minimal_subscriber' in the environment variable CMAKE_PREFIX_PATH doesn't exist
[0.360s] WARNING:colcon.colcon_ros.prefix_path.catkin:The path '/home/letrocitous/ros2_ws/install/examples_rclcpp_minimal_service' in the environment variable CMAKE_PREFIX_PATH doesn't exist
[0.360s] WARNING:colcon.colcon_ros.prefix_path.catkin:The path '/home/letrocitous/ros2_ws/install/examples_rclcpp_minimal_publisher' in the environment variable CMAKE_PREFIX_PATH doesn't exist
[0.360s] WARNING:colcon.colcon_ros.prefix_path.catkin:The path '/home/letrocitous/ros2_ws/install/examples_rclcpp_minimal_composition' in the environment variable CMAKE_PREFIX_PATH doesn't exist
[0.360s] WARNING:colcon.colcon_ros.prefix_path.catkin:The path '/home/letrocitous/ros2_ws/install/examples_rclcpp_minimal_client' in the environment variable CMAKE_PREFIX_PATH doesn't exist
[0.360s] WARNING:colcon.colcon_ros.prefix_path.catkin:The path '/home/letrocitous/ros2_ws/install/examples_rclcpp_minimal_action_server' in the environment variable CMAKE_PREFIX_PATH doesn't exist
[0.360s] WARNING:colcon.colcon_ros.prefix_path.catkin:The path '/home/letrocitous/ros2_ws/install/examples_rclcpp_minimal_action_client' in the environment variable CMAKE_PREFIX_PATH doesn't exist
[0.360s] WARNING:colcon.colcon_ros.prefix_path.catkin:The path '/home/letrocitous/ros2_ws/install/examples_rclcpp_cbg_executor' in the environment variable CMAKE_PREFIX_PATH doesn't exist
[0.360s] WARNING:colcon.colcon_ros.prefix_path.catkin:The path '/home/letrocitous/ros2_ws/install/examples_rclcpp_async_client' in the environment variable CMAKE_PREFIX_PATH doesn't exist
[0.360s] WARNING:colcon.colcon_ros.prefix_path.catkin:The path '/home/letrocitous/ros2_ws/install/Aizen_object_follower' in the environment variable CMAKE_PREFIX_PATH doesn't exist
[0.361s] DEBUG:colcon.colcon_installed_package_information.package_discovery:Found 16 installed packages in /home/letrocitous/turtlebot3_ws/install
[0.363s] DEBUG:colcon.colcon_installed_package_information.package_discovery:Found 372 installed packages in /opt/ros/humble
[0.365s] Level 1:colcon.colcon_core.package_discovery:discover_packages(prefix_path) using defaults
[0.409s] Level 5:colcon.colcon_core.verb:set package 'aizen_object_follower' build argument 'cmake_args' from command line to 'None'
[0.409s] Level 5:colcon.colcon_core.verb:set package 'aizen_object_follower' build argument 'cmake_target' from command line to 'None'
[0.409s] Level 5:colcon.colcon_core.verb:set package 'aizen_object_follower' build argument 'cmake_target_skip_unavailable' from command line to 'False'
[0.409s] Level 5:colcon.colcon_core.verb:set package 'aizen_object_follower' build argument 'cmake_clean_cache' from command line to 'False'
[0.409s] Level 5:colcon.colcon_core.verb:set package 'aizen_object_follower' build argument 'cmake_clean_first' from command line to 'False'
[0.409s] Level 5:colcon.colcon_core.verb:set package 'aizen_object_follower' build argument 'cmake_force_configure' from command line to 'False'
[0.409s] Level 5:colcon.colcon_core.verb:set package 'aizen_object_follower' build argument 'ament_cmake_args' from command line to 'None'
[0.409s] Level 5:colcon.colcon_core.verb:set package 'aizen_object_follower' build argument 'catkin_cmake_args' from command line to 'None'
[0.409s] Level 5:colcon.colcon_core.verb:set package 'aizen_object_follower' build argument 'catkin_skip_building_tests' from command line to 'False'
[0.409s] DEBUG:colcon.colcon_core.verb:Building package 'aizen_object_follower' with the following arguments: {'ament_cmake_args': None, 'build_base': '/home/letrocitous/7785-Code/build/aizen_object_follower', 'catkin_cmake_args': None, 'catkin_skip_building_tests': False, 'cmake_args': None, 'cmake_clean_cache': False, 'cmake_clean_first': False, 'cmake_force_configure': False, 'cmake_target': None, 'cmake_target_skip_unavailable': False, 'install_base': '/home/letrocitous/7785-Code/install/aizen_object_follower', 'merge_install': False, 'path': '/home/letrocitous/7785-Code/src/aizen_object_follower', 'symlink_install': False, 'test_result_base': None}
[0.409s] INFO:colcon.colcon_core.executor:Executing jobs using 'parallel' executor
[0.410s] DEBUG:colcon.colcon_parallel_executor.executor.parallel:run_until_complete
[0.410s] INFO:colcon.colcon_ros.task.ament_cmake.build:Building ROS package in '/home/letrocitous/7785-Code/src/aizen_object_follower' with build type 'ament_cmake'
[0.410s] INFO:colcon.colcon_cmake.task.cmake.build:Building CMake package in '/home/letrocitous/7785-Code/src/aizen_object_follower'
[0.412s] INFO:colcon.colcon_core.plugin_system:Skipping extension 'colcon_core.shell.bat': Not used on non-Windows systems
[0.412s] INFO:colcon.colcon_core.shell:Skip shell extension 'powershell' for command environment: Not usable outside of PowerShell
[0.413s] DEBUG:colcon.colcon_core.shell:Skip shell extension 'dsv' for command environment
[0.423s] DEBUG:colcon.colcon_core.event_handler.log_command:Invoking command in '/home/letrocitous/7785-Code/build/aizen_object_follower': CMAKE_PREFIX_PATH=${CMAKE_PREFIX_PATH}:/home/letrocitous/ros2_ws/install/launch_testing_examples:/home/letrocitous/ros2_ws/install/examples_rclpy_pointcloud_publisher:/home/letrocitous/ros2_ws/install/examples_rclpy_minimal_subscriber:/home/letrocitous/ros2_ws/install/examples_rclpy_minimal_service:/home/letrocitous/ros2_ws/install/examples_rclpy_minimal_publisher:/home/letrocitous/ros2_ws/install/examples_rclpy_minimal_client:/home/letrocitous/ros2_ws/install/examples_rclpy_minimal_action_server:/home/letrocitous/ros2_ws/install/examples_rclpy_minimal_action_client:/home/letrocitous/ros2_ws/install/examples_rclpy_guard_conditions:/home/letrocitous/ros2_ws/install/examples_rclpy_executors:/home/letrocitous/turtlebot3_ws/install/turtlebot3_teleop:/home/letrocitous/turtlebot3_ws/install/turtlebot3_example:/opt/ros/humble /usr/bin/cmake /home/letrocitous/7785-Code/src/aizen_object_follower -DCMAKE_INSTALL_PREFIX=/home/letrocitous/7785-Code/install/aizen_object_follower
[1.018s] DEBUG:colcon.colcon_core.event_handler.log_command:Invoked command in '/home/letrocitous/7785-Code/build/aizen_object_follower' returned '0': CMAKE_PREFIX_PATH=${CMAKE_PREFIX_PATH}:/home/letrocitous/ros2_ws/install/launch_testing_examples:/home/letrocitous/ros2_ws/install/examples_rclpy_pointcloud_publisher:/home/letrocitous/ros2_ws/install/examples_rclpy_minimal_subscriber:/home/letrocitous/ros2_ws/install/examples_rclpy_minimal_service:/home/letrocitous/ros2_ws/install/examples_rclpy_minimal_publisher:/home/letrocitous/ros2_ws/install/examples_rclpy_minimal_client:/home/letrocitous/ros2_ws/install/examples_rclpy_minimal_action_server:/home/letrocitous/ros2_ws/install/examples_rclpy_minimal_action_client:/home/letrocitous/ros2_ws/install/examples_rclpy_guard_conditions:/home/letrocitous/ros2_ws/install/examples_rclpy_executors:/home/letrocitous/turtlebot3_ws/install/turtlebot3_teleop:/home/letrocitous/turtlebot3_ws/install/turtlebot3_example:/opt/ros/humble /usr/bin/cmake /home/letrocitous/7785-Code/src/aizen_object_follower -DCMAKE_INSTALL_PREFIX=/home/letrocitous/7785-Code/install/aizen_object_follower
[1.020s] DEBUG:colcon.colcon_core.event_handler.log_command:Invoking command in '/home/letrocitous/7785-Code/build/aizen_object_follower': CMAKE_PREFIX_PATH=${CMAKE_PREFIX_PATH}:/home/letrocitous/ros2_ws/install/launch_testing_examples:/home/letrocitous/ros2_ws/install/examples_rclpy_pointcloud_publisher:/home/letrocitous/ros2_ws/install/examples_rclpy_minimal_subscriber:/home/letrocitous/ros2_ws/install/examples_rclpy_minimal_service:/home/letrocitous/ros2_ws/install/examples_rclpy_minimal_publisher:/home/letrocitous/ros2_ws/install/examples_rclpy_minimal_client:/home/letrocitous/ros2_ws/install/examples_rclpy_minimal_action_server:/home/letrocitous/ros2_ws/install/examples_rclpy_minimal_action_client:/home/letrocitous/ros2_ws/install/examples_rclpy_guard_conditions:/home/letrocitous/ros2_ws/install/examples_rclpy_executors:/home/letrocitous/turtlebot3_ws/install/turtlebot3_teleop:/home/letrocitous/turtlebot3_ws/install/turtlebot3_example:/opt/ros/humble /usr/bin/cmake --build /home/letrocitous/7785-Code/build/aizen_object_follower -- -j12 -l12
[1.056s] DEBUG:colcon.colcon_core.event_handler.log_command:Invoked command in '/home/letrocitous/7785-Code/build/aizen_object_follower' returned '0': CMAKE_PREFIX_PATH=${CMAKE_PREFIX_PATH}:/home/letrocitous/ros2_ws/install/launch_testing_examples:/home/letrocitous/ros2_ws/install/examples_rclpy_pointcloud_publisher:/home/letrocitous/ros2_ws/install/examples_rclpy_minimal_subscriber:/home/letrocitous/ros2_ws/install/examples_rclpy_minimal_service:/home/letrocitous/ros2_ws/install/examples_rclpy_minimal_publisher:/home/letrocitous/ros2_ws/install/examples_rclpy_minimal_client:/home/letrocitous/ros2_ws/install/examples_rclpy_minimal_action_server:/home/letrocitous/ros2_ws/install/examples_rclpy_minimal_action_client:/home/letrocitous/ros2_ws/install/examples_rclpy_guard_conditions:/home/letrocitous/ros2_ws/install/examples_rclpy_executors:/home/letrocitous/turtlebot3_ws/install/turtlebot3_teleop:/home/letrocitous/turtlebot3_ws/install/turtlebot3_example:/opt/ros/humble /usr/bin/cmake --build /home/letrocitous/7785-Code/build/aizen_object_follower -- -j12 -l12
[1.066s] DEBUG:colcon.colcon_core.event_handler.log_command:Invoking command in '/home/letrocitous/7785-Code/build/aizen_object_follower': CMAKE_PREFIX_PATH=${CMAKE_PREFIX_PATH}:/home/letrocitous/ros2_ws/install/launch_testing_examples:/home/letrocitous/ros2_ws/install/examples_rclpy_pointcloud_publisher:/home/letrocitous/ros2_ws/install/examples_rclpy_minimal_subscriber:/home/letrocitous/ros2_ws/install/examples_rclpy_minimal_service:/home/letrocitous/ros2_ws/install/examples_rclpy_minimal_publisher:/home/letrocitous/ros2_ws/install/examples_rclpy_minimal_client:/home/letrocitous/ros2_ws/install/examples_rclpy_minimal_action_server:/home/letrocitous/ros2_ws/install/examples_rclpy_minimal_action_client:/home/letrocitous/ros2_ws/install/examples_rclpy_guard_conditions:/home/letrocitous/ros2_ws/install/examples_rclpy_executors:/home/letrocitous/turtlebot3_ws/install/turtlebot3_teleop:/home/letrocitous/turtlebot3_ws/install/turtlebot3_example:/opt/ros/humble /usr/bin/cmake --install /home/letrocitous/7785-Code/build/aizen_object_follower
[1.075s] Level 1:colcon.colcon_core.environment:create_environment_scripts_only(aizen_object_follower)
[1.076s] DEBUG:colcon.colcon_core.event_handler.log_command:Invoked command in '/home/letrocitous/7785-Code/build/aizen_object_follower' returned '0': CMAKE_PREFIX_PATH=${CMAKE_PREFIX_PATH}:/home/letrocitous/ros2_ws/install/launch_testing_examples:/home/letrocitous/ros2_ws/install/examples_rclpy_pointcloud_publisher:/home/letrocitous/ros2_ws/install/examples_rclpy_minimal_subscriber:/home/letrocitous/ros2_ws/install/examples_rclpy_minimal_service:/home/letrocitous/ros2_ws/install/examples_rclpy_minimal_publisher:/home/letrocitous/ros2_ws/install/examples_rclpy_minimal_client:/home/letrocitous/ros2_ws/install/examples_rclpy_minimal_action_server:/home/letrocitous/ros2_ws/install/examples_rclpy_minimal_action_client:/home/letrocitous/ros2_ws/install/examples_rclpy_guard_conditions:/home/letrocitous/ros2_ws/install/examples_rclpy_executors:/home/letrocitous/turtlebot3_ws/install/turtlebot3_teleop:/home/letrocitous/turtlebot3_ws/install/turtlebot3_example:/opt/ros/humble /usr/bin/cmake --install /home/letrocitous/7785-Code/build/aizen_object_follower
[1.078s] Level 1:colcon.colcon_core.environment:checking '/home/letrocitous/7785-Code/install/aizen_object_follower' for CMake module files
[1.078s] Level 1:colcon.colcon_core.environment:checking '/home/letrocitous/7785-Code/install/aizen_object_follower' for CMake config files
[1.078s] Level 1:colcon.colcon_core.shell:create_environment_hook('aizen_object_follower', 'cmake_prefix_path')
[1.079s] INFO:colcon.colcon_core.shell:Creating environment hook '/home/letrocitous/7785-Code/install/aizen_object_follower/share/aizen_object_follower/hook/cmake_prefix_path.ps1'
[1.079s] INFO:colcon.colcon_core.shell:Creating environment descriptor '/home/letrocitous/7785-Code/install/aizen_object_follower/share/aizen_object_follower/hook/cmake_prefix_path.dsv'
[1.079s] INFO:colcon.colcon_core.shell:Creating environment hook '/home/letrocitous/7785-Code/install/aizen_object_follower/share/aizen_object_follower/hook/cmake_prefix_path.sh'
[1.080s] Level 1:colcon.colcon_core.environment:checking '/home/letrocitous/7785-Code/install/aizen_object_follower/bin'
[1.080s] Level 1:colcon.colcon_core.environment:checking '/home/letrocitous/7785-Code/install/aizen_object_follower/lib/pkgconfig/aizen_object_follower.pc'
[1.080s] Level 1:colcon.colcon_core.environment:checking '/home/letrocitous/7785-Code/install/aizen_object_follower/lib/python3.10/site-packages'
[1.080s] Level 1:colcon.colcon_core.environment:checking '/home/letrocitous/7785-Code/install/aizen_object_follower/bin'
[1.080s] INFO:colcon.colcon_core.shell:Creating package script '/home/letrocitous/7785-Code/install/aizen_object_follower/share/aizen_object_follower/package.ps1'
[1.081s] INFO:colcon.colcon_core.shell:Creating package descriptor '/home/letrocitous/7785-Code/install/aizen_object_follower/share/aizen_object_follower/package.dsv'
[1.081s] INFO:colcon.colcon_core.shell:Creating package script '/home/letrocitous/7785-Code/install/aizen_object_follower/share/aizen_object_follower/package.sh'
[1.081s] INFO:colcon.colcon_core.shell:Creating package script '/home/letrocitous/7785-Code/install/aizen_object_follower/share/aizen_object_follower/package.bash'
[1.082s] INFO:colcon.colcon_core.shell:Creating package script '/home/letrocitous/7785-Code/install/aizen_object_follower/share/aizen_object_follower/package.zsh'
[1.082s] Level 1:colcon.colcon_core.environment:create_file_with_runtime_dependencies(/home/letrocitous/7785-Code/install/aizen_object_follower/share/colcon-core/packages/aizen_object_follower)
[1.082s] Level 1:colcon.colcon_core.environment:create_environment_scripts_only(aizen_object_follower)
[1.083s] Level 1:colcon.colcon_core.environment:checking '/home/letrocitous/7785-Code/install/aizen_object_follower' for CMake module files
[1.083s] Level 1:colcon.colcon_core.environment:checking '/home/letrocitous/7785-Code/install/aizen_object_follower' for CMake config files
[1.083s] Level 1:colcon.colcon_core.shell:create_environment_hook('aizen_object_follower', 'cmake_prefix_path')
[1.083s] INFO:colcon.colcon_core.shell:Creating environment hook '/home/letrocitous/7785-Code/install/aizen_object_follower/share/aizen_object_follower/hook/cmake_prefix_path.ps1'
[1.083s] INFO:colcon.colcon_core.shell:Creating environment descriptor '/home/letrocitous/7785-Code/install/aizen_object_follower/share/aizen_object_follower/hook/cmake_prefix_path.dsv'
[1.084s] INFO:colcon.colcon_core.shell:Creating environment hook '/home/letrocitous/7785-Code/install/aizen_object_follower/share/aizen_object_follower/hook/cmake_prefix_path.sh'
[1.084s] Level 1:colcon.colcon_core.environment:checking '/home/letrocitous/7785-Code/install/aizen_object_follower/bin'
[1.084s] Level 1:colcon.colcon_core.environment:checking '/home/letrocitous/7785-Code/install/aizen_object_follower/lib/pkgconfig/aizen_object_follower.pc'
[1.084s] Level 1:colcon.colcon_core.environment:checking '/home/letrocitous/7785-Code/install/aizen_object_follower/lib/python3.10/site-packages'
[1.084s] Level 1:colcon.colcon_core.environment:checking '/home/letrocitous/7785-Code/install/aizen_object_follower/bin'
[1.084s] INFO:colcon.colcon_core.shell:Creating package script '/home/letrocitous/7785-Code/install/aizen_object_follower/share/aizen_object_follower/package.ps1'
[1.085s] INFO:colcon.colcon_core.shell:Creating package descriptor '/home/letrocitous/7785-Code/install/aizen_object_follower/share/aizen_object_follower/package.dsv'
[1.085s] INFO:colcon.colcon_core.shell:Creating package script '/home/letrocitous/7785-Code/install/aizen_object_follower/share/aizen_object_follower/package.sh'
[1.085s] INFO:colcon.colcon_core.shell:Creating package script '/home/letrocitous/7785-Code/install/aizen_object_follower/share/aizen_object_follower/package.bash'
[1.086s] INFO:colcon.colcon_core.shell:Creating package script '/home/letrocitous/7785-Code/install/aizen_object_follower/share/aizen_object_follower/package.zsh'
[1.086s] Level 1:colcon.colcon_core.environment:create_file_with_runtime_dependencies(/home/letrocitous/7785-Code/install/aizen_object_follower/share/colcon-core/packages/aizen_object_follower)
[1.086s] DEBUG:colcon.colcon_parallel_executor.executor.parallel:closing loop
[1.086s] DEBUG:colcon.colcon_parallel_executor.executor.parallel:loop closed
[1.086s] DEBUG:colcon.colcon_parallel_executor.executor.parallel:run_until_complete finished with '0'
[1.086s] DEBUG:colcon.colcon_core.event_reactor:joining thread
[1.090s] INFO:colcon.colcon_core.plugin_system:Skipping extension 'colcon_notification.desktop_notification.terminal_notifier': Not used on non-Darwin systems
[1.090s] INFO:colcon.colcon_core.plugin_system:Skipping extension 'colcon_notification.desktop_notification.win32': Not used on non-Windows systems
[1.090s] INFO:colcon.colcon_notification.desktop_notification:Sending desktop notification using 'notify2'
[1.097s] DEBUG:colcon.colcon_core.event_reactor:joined thread
[1.098s] INFO:colcon.colcon_core.shell:Creating prefix script '/home/letrocitous/7785-Code/install/local_setup.ps1'
[1.099s] INFO:colcon.colcon_core.shell:Creating prefix util module '/home/letrocitous/7785-Code/install/_local_setup_util_ps1.py'
[1.100s] INFO:colcon.colcon_core.shell:Creating prefix chain script '/home/letrocitous/7785-Code/install/setup.ps1'
[1.101s] INFO:colcon.colcon_core.shell:Creating prefix script '/home/letrocitous/7785-Code/install/local_setup.sh'
[1.101s] INFO:colcon.colcon_core.shell:Creating prefix util module '/home/letrocitous/7785-Code/install/_local_setup_util_sh.py'
[1.102s] INFO:colcon.colcon_core.shell:Creating prefix chain script '/home/letrocitous/7785-Code/install/setup.sh'
[1.103s] INFO:colcon.colcon_core.shell:Creating prefix script '/home/letrocitous/7785-Code/install/local_setup.bash'
[1.103s] INFO:colcon.colcon_core.shell:Creating prefix chain script '/home/letrocitous/7785-Code/install/setup.bash'
[1.104s] INFO:colcon.colcon_core.shell:Creating prefix script '/home/letrocitous/7785-Code/install/local_setup.zsh'
[1.105s] INFO:colcon.colcon_core.shell:Creating prefix chain script '/home/letrocitous/7785-Code/install/setup.zsh'
